---------------------------
Розробник модуля: Ян Козлов
ЦНТУ, Кропивницький, Україна
2022
---------------------------
Речення з файлу input1.txt з символами 'к', 'т', 'У', 'л' та 'Й', заміненими на '?':
?ого Ба?ь?івщиною бу?а ??раїна.

У файлі input1.txt міститься 26 літер.
   Матері
В хаті сонячній промінь косо
На долівку ляга з вікна...
Твої чорні шовкові коси
Припорошила вже сивина.

Непарні символи речення з файлу input1.txt: Йг аьіщнюбл кан.
|Дата та час дозапису інформації: Fri Apr 01 12:00:00 2022

s_calculation(2, 1, 3)=6.17304
Число 329048534 у двійковому записі: 00010011100111001110000111010110
