---------------------------
Розробник модуля: Ян Козлов
ЦНТУ, Кропивницький, Україна
2022
---------------------------
Речення з файлу input2.txt з символами 'к', 'т', 'У', 'л' та 'Й', заміненими на '?':
/..']'[;]/./243535091

У файлі input2.txt міститься 0 літер.
   Матері
В хаті сонячній промінь косо
На долівку ляга з вікна...
Твої чорні шовкові коси
Припорошила вже сивина.
